GPU Device 0: "GeForce GTX 1070" with compute capability 6.1

simpleCUBLAS test running..
simpleCUBLAS test passed.
